predictions = t288.predict
[info] Interacting namespaces a and b
Num weight bits = 18
learning rate = 0.5
initial_t = 0
power_t = 0.5
using no cache
Reading datafile = train-sets/interact.dat
num sources = 1
Enabled reductions: gd, scorer, interact
average  since         example        example  current  current  current
loss     last          counter         weight    label  predict features
1.000000 1.000000            1            1.0   1.0000   0.0000       12
0.527698 0.055396            2            2.0   0.0000   0.2354       11
0.303799 0.079900            4            4.0   0.0000   0.1578       12

finished run
number of examples = 6
weighted example sum = 6.000000
weighted label sum = 2.000000
average loss = 0.372375
best constant = 0.333333
best constant's loss = 0.222222
total feature number = 69
