creating quadratic features for pairs: GT 
predictions = cbe_adf_dsjson_.predict
Num weight bits = 18
learning rate = 0.5
initial_t = 0
power_t = 0.5
using no cache
Reading datafile = train-sets/decisionservice.json
WARNING: Old string feature value behavior is deprecated in JSON/DSJSON and will be removed in a future version. Use `--chain_hash` to use new behavior and silence this warning.
num sources = 1
Enabled reductions: gd, scorer, csoaa_ldf, cb_adf, cb_explore_adf_greedy, shared_feature_merger, test_red, extra_metrics
average  since         example        example  current  current  current
loss     last          counter         weight    label  predict features
p:0x1c59170 interaction:G, interaction:T,
config_0: 0, 1, 2, 3, 4, 5, 6, 7, 8, 9, 10, 11, 

p:0x1c59158
config_1: 0, 1, 2, 3, 4, 5, 6, 7, 8, 9, 10, 11, 

-0.102041 -0.102041            1            1.0 9:-1:0.82        0:0.0833333...      361
p:0x1c59170 interaction:G, interaction:T,
config_0: 6, 5, 9, 2, 10, 1, 3, 7, 4, 0, 8, 11, 

p:0x1c59158
config_1: 6, 5, 9, 2, 1, 10, 3, 4, 0, 7, 8, 11, 

-0.051020 0.000000            2            2.0 9:0:0.82        6:0.816667...      361
p:0x1c59170 interaction:G, interaction:T,
config_0: 6, 5, 9, 2, 1, 3, 10, 4, 0, 7, 8, 11, 

p:0x1c59158
config_1: 6, 5, 9, 2, 1, 10, 3, 4, 0, 7, 8, 11, 

-0.040816 -0.020408            3            3.0 9:-1:0.82        6:0.816667...      361

finished run
number of examples = 3
weighted example sum = 3.000000
weighted label sum = 0.000000
average loss = -0.040816
total feature number = 1104
