WARNING: Old string feature value behavior is deprecated in JSON/DSJSON and will be removed in a future version. Use `--chain_hash` to use new behavior and silence this warning.
