predictions = slates_simple.predict
Num weight bits = 18
learning rate = 0.5
initial_t = 0
power_t = 0.5
using no cache
Reading datafile = train-sets/slates_simple.txt
num sources = 1
Enabled reductions: gd, scorer, csoaa_ldf, cb_adf, cb_explore_adf_greedy, cb_sample, shared_feature_merger_setup, ccb_explore_adf, slates
average  since         example        example  current  current  current
loss     last          counter         weight    label  predict features
0.200000 0.200000            1            1.0      1,0      1,0       17
-0.275000 -0.750000            2            2.0      1,0      1,0       17

finished run
number of examples = 3
weighted example sum = 3.000000
weighted label sum = 0.000000
average loss = -0.275000
total feature number = 51
